Product: MDK-ARM Lite 5.10
Component: ARM Compiler 5.04 update 1 (build 49)
Tool: armlink [5040049]

==============================================================================

Section Cross References

    startup.o(STACK) refers (Special) to heapauxi.o(.text) for __use_two_region_memory
    startup.o(HEAP) refers (Special) to heapauxi.o(.text) for __use_two_region_memory
    startup.o(RESET) refers (Special) to heapauxi.o(.text) for __use_two_region_memory
    startup.o(RESET) refers to startup.o(STACK) for Stack_Top
    startup.o(RESET) refers to __main.o(!!!main) for __main
    startup.o(.text) refers (Special) to heapauxi.o(.text) for __use_two_region_memory
    startup.o(.text) refers to startup.o(HEAP) for Heap_Mem
    startup.o(.text) refers to startup.o(STACK) for Stack_Mem
    main.o(.text) refers to aeabi_sdiv.o(.text_udiv) for __aeabi_uidivmod
    main.o(.text) refers to dflt_noclz.o(x$fpl$dfltu) for __aeabi_ui2d
    main.o(.text) refers to pid.o(.text) for PID_Init
    main.o(.text) refers to dio.o(.text) for reqDioFunction
    main.o(.text) refers to uart.o(.text) for serialInit
    main.o(.text) refers to iic_com_driver.o(.text) for IIC_Init
    main.o(.text) refers to spi.o(.text) for SPI_Init
    main.o(.text) refers to sensors_i2c.o(.text) for gyroCalculateData
    main.o(.text) refers to main.o(.data) for CLOCK_VAR
    main.o(.text) refers to main.o(.bss) for channel
    main.o(.text) refers to output.o(.data) for indexChart
    main.o(.text) refers to sensors_i2c.o(.data) for GyroQueueIndex
    main.o(.text) refers to algo.o(.data) for STATUS_ARMED
    main.o(.text) refers to sensors_i2c.o(.constdata) for GYRO_INIT_STRUCT_FIFO
    main.o(.data) refers to algo.o(.text) for checkSafetyTriggerCondition
    main.o(.data) refers to nrf24l01_driver.o(.text) for telemetryMain
    main.o(.data) refers to output.o(.text) for PID_Main
    main.o(.data) refers to led.o(.text) for LED_Main
    iic_com_driver.o(.text) refers to iic_com_driver.o(.data) for IIC_RECEIVE_CONFIRMED
    iic_com_driver.o(.text) refers to iic_com_driver.o(.bss) for IIC_STRUCT
    iic_com_driver.o(.text) refers to main.o(.data) for startLoop
    sensors_i2c.o(.text) refers to fflt_noclz.o(x$fpl$fflt) for __aeabi_i2f
    sensors_i2c.o(.text) refers to fdiv.o(x$fpl$fdiv) for __aeabi_fdiv
    sensors_i2c.o(.text) refers to faddsub_noclz.o(x$fpl$fadd) for __aeabi_fadd
    sensors_i2c.o(.text) refers to dflt_noclz.o(x$fpl$dflt) for __aeabi_i2d
    sensors_i2c.o(.text) refers to ddiv.o(x$fpl$ddiv) for __aeabi_ddiv
    sensors_i2c.o(.text) refers to d2f.o(x$fpl$d2f) for __aeabi_d2f
    sensors_i2c.o(.text) refers to f2d.o(x$fpl$f2d) for __aeabi_f2d
    sensors_i2c.o(.text) refers to dmul.o(x$fpl$dmul) for __aeabi_dmul
    sensors_i2c.o(.text) refers to main.o(.data) for CLOCK_VAR
    sensors_i2c.o(.text) refers to sensors_i2c.o(.bss) for GYRO_DATA_STRUCT
    sensors_i2c.o(.text) refers to sensors_i2c.o(.data) for GYRO_RAW_INPUT_STRUCT
    sensors_i2c.o(.constdata) refers to sensors_i2c.o(.data) for GYRO_INIT_VAL
    uart.o(.text) refers to dio.o(.text) for reqDioFunction
    uart.o(.text) refers to dleqf.o(x$fpl$dleqf) for __aeabi_cdcmple
    uart.o(.text) refers to dfix.o(x$fpl$dfix) for __aeabi_d2iz
    uart.o(.text) refers to aeabi_sdiv.o(.text_udiv) for __aeabi_uidivmod
    algo.o(.text) refers to fflt_noclz.o(x$fpl$ffltu) for __aeabi_ui2f
    algo.o(.text) refers to fdiv.o(x$fpl$fdiv) for __aeabi_fdiv
    algo.o(.text) refers to faddsub_noclz.o(x$fpl$frsb) for __aeabi_frsub
    algo.o(.text) refers to sensors_i2c.o(.text) for HAL_GET_GYRO_RAW_DATA_IF
    algo.o(.text) refers to f2d.o(x$fpl$f2d) for __aeabi_f2d
    algo.o(.text) refers to dmul.o(x$fpl$dmul) for __aeabi_dmul
    algo.o(.text) refers to daddsub_noclz.o(x$fpl$dadd) for __aeabi_dadd
    algo.o(.text) refers to d2f.o(x$fpl$d2f) for __aeabi_d2f
    algo.o(.text) refers to daddsub_noclz.o(x$fpl$dsub) for __aeabi_dsub
    algo.o(.text) refers to algo.o(.data) for accXAngle
    algo.o(.text) refers to sensors_i2c.o(.data) for AccQueueIndex
    algo.o(.text) refers to main.o(.bss) for INPUT_COMM
    algo.o(.text) refers to algo.o(.bss) for GET_GYRO_RAW_DATA
    spi.o(.text) refers to dio.o(.text) for reqDioFunction
    pid.o(.text) refers to dmul.o(x$fpl$dmul) for __aeabi_dmul
    pid.o(.text) refers to daddsub_noclz.o(x$fpl$dadd) for __aeabi_dadd
    pid.o(.text) refers to drleqf.o(x$fpl$drleqf) for __aeabi_cdrcmple
    pid.o(.text) refers to dleqf.o(x$fpl$dleqf) for __aeabi_cdcmple
    pid.o(.text) refers to daddsub_noclz.o(x$fpl$dsub) for __aeabi_dsub
    pid.o(.text) refers to output.o(.data) for rollPIDResult
    pid.o(.text) refers to output.o(.bss) for rollAxis
    output.o(.text) refers to pid.o(.text) for UpdatePID
    output.o(.text) refers to dleqf.o(x$fpl$dleqf) for __aeabi_cdcmple
    output.o(.text) refers to dmul.o(x$fpl$dmul) for __aeabi_dmul
    output.o(.text) refers to dflt_noclz.o(x$fpl$dfltu) for __aeabi_ui2d
    output.o(.text) refers to daddsub_noclz.o(x$fpl$dadd) for __aeabi_dadd
    output.o(.text) refers to dfix.o(x$fpl$dfix) for __aeabi_d2iz
    output.o(.text) refers to main.o(.text) for setCommandtoAct
    output.o(.text) refers to algo.o(.text) for resetStateMachine
    output.o(.text) refers to aeabi_sdiv.o(.text_udiv) for __aeabi_uidivmod
    output.o(.text) refers to uart.o(.text) for serialSendChar
    output.o(.text) refers to dflt_noclz.o(x$fpl$dflt) for __aeabi_i2d
    output.o(.text) refers to drleqf.o(x$fpl$drleqf) for __aeabi_cdrcmple
    output.o(.text) refers to main.o(.data) for CLOCK_VAR
    output.o(.text) refers to output.o(.data) for commandMot1
    output.o(.text) refers to algo.o(.data) for STATUS_ARMED
    output.o(.text) refers to main.o(.bss) for INPUT_COMM
    output.o(.text) refers to output.o(.bss) for rollAxis
    led.o(.text) refers to dio.o(.text) for reqDioOutput
    led.o(.text) refers to led.o(.data) for cycleInProgress
    led.o(.text) refers to algo.o(.data) for STATUS_ARMED
    aeabi_sdiv.o(.text_udiv) refers to aeabi_sdiv.o(.text) for __arm_div2
    aeabi_sdiv_div0.o(.text_udiv) refers to aeabi_sdiv_div0.o(.text) for __arm_div2
    __main.o(!!!main) refers to rtentry.o(.ARM.Collect$$rtentry$$00000000) for __rt_entry
    d2f.o(x$fpl$d2f) refers (Special) to usenofp.o(x$fpl$usenofp) for __I$use$fp
    d2f.o(x$fpl$d2f) refers to fretinf.o(x$fpl$fretinf) for __fpl_fretinf
    d2f.o(x$fpl$d2f) refers to dnaninf.o(x$fpl$dnaninf) for __fpl_dnaninf
    daddsub_noclz.o(x$fpl$dadd) refers (Special) to usenofp.o(x$fpl$usenofp) for __I$use$fp
    daddsub_noclz.o(x$fpl$dadd) refers to daddsub_noclz.o(x$fpl$dsub) for _dsub1
    daddsub_noclz.o(x$fpl$dadd) refers to dretinf.o(x$fpl$dretinf) for __fpl_dretinf
    daddsub_noclz.o(x$fpl$dadd) refers to dnaninf.o(x$fpl$dnaninf) for __fpl_dnaninf
    daddsub_noclz.o(x$fpl$drsb) refers (Special) to usenofp.o(x$fpl$usenofp) for __I$use$fp
    daddsub_noclz.o(x$fpl$drsb) refers to daddsub_noclz.o(x$fpl$dadd) for _dadd1
    daddsub_noclz.o(x$fpl$drsb) refers to daddsub_noclz.o(x$fpl$dsub) for _dsub1
    daddsub_noclz.o(x$fpl$dsub) refers (Special) to usenofp.o(x$fpl$usenofp) for __I$use$fp
    daddsub_noclz.o(x$fpl$dsub) refers to daddsub_noclz.o(x$fpl$dadd) for _dadd1
    daddsub_noclz.o(x$fpl$dsub) refers to dnaninf.o(x$fpl$dnaninf) for __fpl_dnaninf
    ddiv.o(x$fpl$drdiv) refers (Special) to usenofp.o(x$fpl$usenofp) for __I$use$fp
    ddiv.o(x$fpl$drdiv) refers to ddiv.o(x$fpl$ddiv) for ddiv_entry
    ddiv.o(x$fpl$ddiv) refers (Special) to usenofp.o(x$fpl$usenofp) for __I$use$fp
    ddiv.o(x$fpl$ddiv) refers to dretinf.o(x$fpl$dretinf) for __fpl_dretinf
    ddiv.o(x$fpl$ddiv) refers to dnaninf.o(x$fpl$dnaninf) for __fpl_dnaninf
    dfix.o(x$fpl$dfix) refers (Special) to usenofp.o(x$fpl$usenofp) for __I$use$fp
    dfix.o(x$fpl$dfix) refers to dnaninf.o(x$fpl$dnaninf) for __fpl_dnaninf
    dfix.o(x$fpl$dfixr) refers (Special) to usenofp.o(x$fpl$usenofp) for __I$use$fp
    dfix.o(x$fpl$dfixr) refers to dnaninf.o(x$fpl$dnaninf) for __fpl_dnaninf
    dflt_noclz.o(x$fpl$dfltu) refers (Special) to usenofp.o(x$fpl$usenofp) for __I$use$fp
    dflt_noclz.o(x$fpl$dfltu) refers to dflt_noclz.o(x$fpl$dflt) for __dflt_normalise
    dflt_noclz.o(x$fpl$dflt) refers (Special) to usenofp.o(x$fpl$usenofp) for __I$use$fp
    dleqf.o(x$fpl$dleqf) refers (Special) to usenofp.o(x$fpl$usenofp) for __I$use$fp
    dleqf.o(x$fpl$dleqf) refers to dnaninf.o(x$fpl$dnaninf) for __fpl_dnaninf
    dleqf.o(x$fpl$dleqf) refers to dcmpi.o(x$fpl$dcmpinf) for __fpl_dcmp_Inf
    dmul.o(x$fpl$dmul) refers (Special) to usenofp.o(x$fpl$usenofp) for __I$use$fp
    dmul.o(x$fpl$dmul) refers to dretinf.o(x$fpl$dretinf) for __fpl_dretinf
    dmul.o(x$fpl$dmul) refers to dnaninf.o(x$fpl$dnaninf) for __fpl_dnaninf
    drleqf.o(x$fpl$drleqf) refers (Special) to usenofp.o(x$fpl$usenofp) for __I$use$fp
    drleqf.o(x$fpl$drleqf) refers to dleqf.o(x$fpl$dleqf) for __fpl_dcmple_InfNaN
    f2d.o(x$fpl$f2d) refers (Special) to usenofp.o(x$fpl$usenofp) for __I$use$fp
    f2d.o(x$fpl$f2d) refers to fnaninf.o(x$fpl$fnaninf) for __fpl_fnaninf
    f2d.o(x$fpl$f2d) refers to dretinf.o(x$fpl$dretinf) for __fpl_dretinf
    faddsub_noclz.o(x$fpl$fadd) refers (Special) to usenofp.o(x$fpl$usenofp) for __I$use$fp
    faddsub_noclz.o(x$fpl$fadd) refers to faddsub_noclz.o(x$fpl$fsub) for _fsub1
    faddsub_noclz.o(x$fpl$fadd) refers to fretinf.o(x$fpl$fretinf) for __fpl_fretinf
    faddsub_noclz.o(x$fpl$fadd) refers to fnaninf.o(x$fpl$fnaninf) for __fpl_fnaninf
    faddsub_noclz.o(x$fpl$frsb) refers (Special) to usenofp.o(x$fpl$usenofp) for __I$use$fp
    faddsub_noclz.o(x$fpl$frsb) refers to faddsub_noclz.o(x$fpl$fadd) for _fadd1
    faddsub_noclz.o(x$fpl$frsb) refers to faddsub_noclz.o(x$fpl$fsub) for _fsub1
    faddsub_noclz.o(x$fpl$fsub) refers (Special) to usenofp.o(x$fpl$usenofp) for __I$use$fp
    faddsub_noclz.o(x$fpl$fsub) refers to faddsub_noclz.o(x$fpl$fadd) for _fadd1
    faddsub_noclz.o(x$fpl$fsub) refers to fnaninf.o(x$fpl$fnaninf) for __fpl_fnaninf
    fdiv.o(x$fpl$frdiv) refers (Special) to usenofp.o(x$fpl$usenofp) for __I$use$fp
    fdiv.o(x$fpl$frdiv) refers to fdiv.o(x$fpl$fdiv) for _fdiv1
    fdiv.o(x$fpl$fdiv) refers (Special) to usenofp.o(x$fpl$usenofp) for __I$use$fp
    fdiv.o(x$fpl$fdiv) refers to fretinf.o(x$fpl$fretinf) for __fpl_fretinf
    fdiv.o(x$fpl$fdiv) refers to fnaninf.o(x$fpl$fnaninf) for __fpl_fnaninf
    fflt_noclz.o(x$fpl$ffltu) refers (Special) to usenofp.o(x$fpl$usenofp) for __I$use$fp
    fflt_noclz.o(x$fpl$ffltu) refers to fflt_noclz.o(x$fpl$fflt) for __fflt_normalise
    fflt_noclz.o(x$fpl$fflt) refers (Special) to usenofp.o(x$fpl$usenofp) for __I$use$fp
    rtentry.o(.ARM.Collect$$rtentry$$00000000) refers (Special) to rtentry2.o(.ARM.Collect$$rtentry$$0000000A) for __rt_entry_li
    rtentry.o(.ARM.Collect$$rtentry$$00000000) refers (Special) to rtentry2.o(.ARM.Collect$$rtentry$$0000000D) for __rt_entry_main
    rtentry.o(.ARM.Collect$$rtentry$$00000000) refers (Special) to rtentry2.o(.ARM.Collect$$rtentry$$0000000C) for __rt_entry_postli_1
    rtentry.o(.ARM.Collect$$rtentry$$00000000) refers (Special) to rtentry2.o(.ARM.Collect$$rtentry$$00000009) for __rt_entry_postsh_1
    rtentry.o(.ARM.Collect$$rtentry$$00000000) refers (Special) to rtentry2.o(.ARM.Collect$$rtentry$$00000002) for __rt_entry_presh_1
    rtentry.o(.ARM.Collect$$rtentry$$00000000) refers (Special) to rtentry4.o(.ARM.Collect$$rtentry$$00000004) for __rt_entry_sh
    aeabi_idiv0_sigfpe.o(.text) refers to rt_div0.o(.text) for __rt_div0
    dcmpi.o(x$fpl$dcmpinf) refers (Special) to usenofp.o(x$fpl$usenofp) for __I$use$fp
    dnaninf.o(x$fpl$dnaninf) refers (Special) to usenofp.o(x$fpl$usenofp) for __I$use$fp
    dretinf.o(x$fpl$dretinf) refers (Special) to usenofp.o(x$fpl$usenofp) for __I$use$fp
    fnaninf.o(x$fpl$fnaninf) refers (Special) to usenofp.o(x$fpl$usenofp) for __I$use$fp
    fretinf.o(x$fpl$fretinf) refers (Special) to usenofp.o(x$fpl$usenofp) for __I$use$fp
    rtentry2.o(.ARM.Collect$$rtentry$$00000008) refers to boardinit2.o(.text) for _platform_post_stackheap_init
    rtentry2.o(.ARM.Collect$$rtentry$$0000000A) refers to libinit.o(.ARM.Collect$$libinit$$00000000) for __rt_lib_init
    rtentry2.o(.ARM.Collect$$rtentry$$0000000B) refers to boardinit3.o(.text) for _platform_post_lib_init
    rtentry2.o(.ARM.Collect$$rtentry$$0000000D) refers to main.o(.text) for main
    rtentry2.o(.ARM.Collect$$rtentry$$0000000D) refers to exit.o(.text) for exit
    rtentry2.o(.ARM.exidx) refers to rtentry2.o(.ARM.Collect$$rtentry$$00000001) for .ARM.Collect$$rtentry$$00000001
    rtentry2.o(.ARM.exidx) refers to rtentry2.o(.ARM.Collect$$rtentry$$00000008) for .ARM.Collect$$rtentry$$00000008
    rtentry2.o(.ARM.exidx) refers to rtentry2.o(.ARM.Collect$$rtentry$$0000000A) for .ARM.Collect$$rtentry$$0000000A
    rtentry2.o(.ARM.exidx) refers to rtentry2.o(.ARM.Collect$$rtentry$$0000000B) for .ARM.Collect$$rtentry$$0000000B
    rtentry2.o(.ARM.exidx) refers to rtentry2.o(.ARM.Collect$$rtentry$$0000000D) for .ARM.Collect$$rtentry$$0000000D
    rtentry4.o(.ARM.Collect$$rtentry$$00000004) refers to sys_stackheap_outer.o(.text) for __user_setup_stackheap
    rtentry4.o(.ARM.exidx) refers to rtentry4.o(.ARM.Collect$$rtentry$$00000004) for .ARM.Collect$$rtentry$$00000004
    rt_div0.o(.text) refers to defsig_fpe_outer.o(.text) for __rt_SIGFPE
    sys_stackheap_outer.o(.text) refers to libspace.o(.text) for __user_perproc_libspace
    sys_stackheap_outer.o(.text) refers to startup.o(.text) for __user_initial_stackheap
    exit.o(.text) refers to rtexit.o(.ARM.Collect$$rtexit$$00000000) for __rt_exit
    defsig_fpe_outer.o(.text) refers to defsig_fpe_inner.o(.text) for __rt_SIGFPE_inner
    defsig_fpe_outer.o(.text) refers to defsig_exit.o(.text) for __sig_exit
    defsig_fpe_formal.o(.text) refers to rt_raise.o(.text) for __rt_raise
    libinit.o(.ARM.Collect$$libinit$$00000000) refers (Special) to libinit2.o(.ARM.Collect$$libinit$$0000002C) for __rt_lib_init_alloca_1
    libinit.o(.ARM.Collect$$libinit$$00000000) refers (Special) to libinit2.o(.ARM.Collect$$libinit$$0000002A) for __rt_lib_init_argv_1
    libinit.o(.ARM.Collect$$libinit$$00000000) refers (Special) to libinit2.o(.ARM.Collect$$libinit$$00000019) for __rt_lib_init_atexit_1
    libinit.o(.ARM.Collect$$libinit$$00000000) refers (Special) to libinit2.o(.ARM.Collect$$libinit$$0000001F) for __rt_lib_init_clock_1
    libinit.o(.ARM.Collect$$libinit$$00000000) refers (Special) to libinit2.o(.ARM.Collect$$libinit$$00000030) for __rt_lib_init_cpp_1
    libinit.o(.ARM.Collect$$libinit$$00000000) refers (Special) to libinit2.o(.ARM.Collect$$libinit$$0000002E) for __rt_lib_init_exceptions_1
    libinit.o(.ARM.Collect$$libinit$$00000000) refers (Special) to libinit2.o(.ARM.Collect$$libinit$$00000002) for __rt_lib_init_fp_1
    libinit.o(.ARM.Collect$$libinit$$00000000) refers (Special) to libinit2.o(.ARM.Collect$$libinit$$0000001D) for __rt_lib_init_fp_trap_1
    libinit.o(.ARM.Collect$$libinit$$00000000) refers (Special) to libinit2.o(.ARM.Collect$$libinit$$00000021) for __rt_lib_init_getenv_1
    libinit.o(.ARM.Collect$$libinit$$00000000) refers (Special) to libinit2.o(.ARM.Collect$$libinit$$00000008) for __rt_lib_init_heap_1
    libinit.o(.ARM.Collect$$libinit$$00000000) refers (Special) to libinit2.o(.ARM.Collect$$libinit$$0000000F) for __rt_lib_init_lc_collate_1
    libinit.o(.ARM.Collect$$libinit$$00000000) refers (Special) to libinit2.o(.ARM.Collect$$libinit$$00000011) for __rt_lib_init_lc_ctype_1
    libinit.o(.ARM.Collect$$libinit$$00000000) refers (Special) to libinit2.o(.ARM.Collect$$libinit$$00000013) for __rt_lib_init_lc_monetary_1
    libinit.o(.ARM.Collect$$libinit$$00000000) refers (Special) to libinit2.o(.ARM.Collect$$libinit$$00000015) for __rt_lib_init_lc_numeric_1
    libinit.o(.ARM.Collect$$libinit$$00000000) refers (Special) to libinit2.o(.ARM.Collect$$libinit$$00000017) for __rt_lib_init_lc_time_1
    libinit.o(.ARM.Collect$$libinit$$00000000) refers (Special) to libinit2.o(.ARM.Collect$$libinit$$0000000C) for __rt_lib_init_rand_1
    libinit.o(.ARM.Collect$$libinit$$00000000) refers (Special) to libinit2.o(.ARM.Collect$$libinit$$00000031) for __rt_lib_init_return
    libinit.o(.ARM.Collect$$libinit$$00000000) refers (Special) to libinit2.o(.ARM.Collect$$libinit$$0000001B) for __rt_lib_init_signal_1
    libinit.o(.ARM.Collect$$libinit$$00000000) refers (Special) to libinit2.o(.ARM.Collect$$libinit$$00000023) for __rt_lib_init_stdio_1
    libinit.o(.ARM.Collect$$libinit$$00000000) refers (Special) to libinit2.o(.ARM.Collect$$libinit$$0000000A) for __rt_lib_init_user_alloc_1
    libspace.o(.text) refers to libspace.o(.bss) for __libspace_start
    rtexit.o(.ARM.Collect$$rtexit$$00000000) refers (Special) to rtexit2.o(.ARM.Collect$$rtexit$$00000004) for __rt_exit_exit
    rtexit.o(.ARM.Collect$$rtexit$$00000000) refers (Special) to rtexit2.o(.ARM.Collect$$rtexit$$00000003) for __rt_exit_ls
    rtexit.o(.ARM.Collect$$rtexit$$00000000) refers (Special) to rtexit2.o(.ARM.Collect$$rtexit$$00000002) for __rt_exit_prels_1
    rtexit.o(.ARM.exidx) refers (Special) to rtexit2.o(.ARM.Collect$$rtexit$$00000004) for __rt_exit_exit
    rtexit.o(.ARM.exidx) refers (Special) to rtexit2.o(.ARM.Collect$$rtexit$$00000003) for __rt_exit_ls
    rtexit.o(.ARM.exidx) refers (Special) to rtexit2.o(.ARM.Collect$$rtexit$$00000002) for __rt_exit_prels_1
    rtexit.o(.ARM.exidx) refers to rtexit.o(.ARM.Collect$$rtexit$$00000000) for .ARM.Collect$$rtexit$$00000000
    rt_raise.o(.text) refers to __raise.o(.text) for __raise
    rt_raise.o(.text) refers to sys_exit.o(.text) for _sys_exit
    defsig_exit.o(.text) refers to sys_exit.o(.text) for _sys_exit
    defsig_fpe_inner.o(.text) refers to defsig_general.o(.text) for __default_signal_display
    libinit2.o(.ARM.Collect$$libinit$$0000000E) refers to libinit2.o(.ARM.Collect$$libinit$$0000000D) for .ARM.Collect$$libinit$$0000000D
    libinit2.o(.ARM.Collect$$libinit$$00000010) refers to libinit2.o(.ARM.Collect$$libinit$$0000000D) for .ARM.Collect$$libinit$$0000000D
    libinit2.o(.ARM.Collect$$libinit$$00000012) refers to libinit2.o(.ARM.Collect$$libinit$$0000000D) for .ARM.Collect$$libinit$$0000000D
    libinit2.o(.ARM.Collect$$libinit$$00000014) refers to libinit2.o(.ARM.Collect$$libinit$$0000000D) for .ARM.Collect$$libinit$$0000000D
    libinit2.o(.ARM.Collect$$libinit$$00000016) refers to libinit2.o(.ARM.Collect$$libinit$$0000000D) for .ARM.Collect$$libinit$$0000000D
    libinit2.o(.ARM.Collect$$libinit$$00000024) refers to argv_veneer.o(.emb_text) for __ARM_argv_veneer
    libinit2.o(.ARM.Collect$$libinit$$00000025) refers to argv_veneer.o(.emb_text) for __ARM_argv_veneer
    sys_exit.o(.text) refers (Special) to use_no_semi.o(.text) for __I$use$semihosting
    sys_exit.o(.text) refers (Special) to indicate_semi.o(.text) for __semihosting_library_function
    rtexit2.o(.ARM.Collect$$rtexit$$00000003) refers to libshutdown.o(.ARM.Collect$$libshutdown$$00000000) for __rt_lib_shutdown
    rtexit2.o(.ARM.Collect$$rtexit$$00000004) refers to sys_exit.o(.text) for _sys_exit
    rtexit2.o(.ARM.exidx) refers to rtexit2.o(.ARM.Collect$$rtexit$$00000001) for .ARM.Collect$$rtexit$$00000001
    rtexit2.o(.ARM.exidx) refers to rtexit2.o(.ARM.Collect$$rtexit$$00000003) for .ARM.Collect$$rtexit$$00000003
    rtexit2.o(.ARM.exidx) refers to rtexit2.o(.ARM.Collect$$rtexit$$00000004) for .ARM.Collect$$rtexit$$00000004
    __raise.o(.text) refers to defsig.o(CL$$defsig) for __default_signal_handler
    defsig_general.o(.text) refers to sys_wrch.o(.text) for _ttywrch
    argv_veneer.o(.emb_text) refers to no_argv.o(.text) for __ARM_get_argv
    sys_wrch.o(.text) refers (Special) to use_no_semi.o(.text) for __I$use$semihosting
    sys_wrch.o(.text) refers (Special) to indicate_semi.o(.text) for __semihosting_library_function
    defsig.o(CL$$defsig) refers to defsig_fpe_inner.o(.text) for __rt_SIGFPE_inner
    defsig.o(CL$$defsig) refers to defsig_rtmem_inner.o(.text) for __rt_SIGRTMEM_inner
    _get_argv_nomalloc.o(.text) refers (Special) to hrguard.o(.text) for __heap_region$guard
    _get_argv_nomalloc.o(.text) refers to defsig_rtmem_outer.o(.text) for __rt_SIGRTMEM
    _get_argv_nomalloc.o(.text) refers to sys_command.o(.text) for _sys_command_string
    libshutdown.o(.ARM.Collect$$libshutdown$$00000000) refers (Special) to libshutdown2.o(.ARM.Collect$$libshutdown$$00000006) for __rt_lib_shutdown_fp_trap_1
    libshutdown.o(.ARM.Collect$$libshutdown$$00000000) refers (Special) to libshutdown2.o(.ARM.Collect$$libshutdown$$0000000E) for __rt_lib_shutdown_heap_1
    libshutdown.o(.ARM.Collect$$libshutdown$$00000000) refers (Special) to libshutdown2.o(.ARM.Collect$$libshutdown$$0000000F) for __rt_lib_shutdown_return
    libshutdown.o(.ARM.Collect$$libshutdown$$00000000) refers (Special) to libshutdown2.o(.ARM.Collect$$libshutdown$$00000009) for __rt_lib_shutdown_signal_1
    libshutdown.o(.ARM.Collect$$libshutdown$$00000000) refers (Special) to libshutdown2.o(.ARM.Collect$$libshutdown$$00000003) for __rt_lib_shutdown_stdio_1
    libshutdown.o(.ARM.Collect$$libshutdown$$00000000) refers (Special) to libshutdown2.o(.ARM.Collect$$libshutdown$$0000000B) for __rt_lib_shutdown_user_alloc_1
    sys_command.o(.text) refers (Special) to use_no_semi.o(.text) for __I$use$semihosting
    sys_command.o(.text) refers (Special) to indicate_semi.o(.text) for __semihosting_library_function
    defsig_abrt_inner.o(.text) refers to defsig_general.o(.text) for __default_signal_display
    defsig_rtred_inner.o(.text) refers to defsig_general.o(.text) for __default_signal_display
    defsig_rtmem_inner.o(.text) refers to defsig_general.o(.text) for __default_signal_display
    defsig_rtmem_outer.o(.text) refers to defsig_rtmem_inner.o(.text) for __rt_SIGRTMEM_inner
    defsig_rtmem_outer.o(.text) refers to defsig_exit.o(.text) for __sig_exit
    defsig_rtmem_formal.o(.text) refers to rt_raise.o(.text) for __rt_raise
    defsig_stak_inner.o(.text) refers to defsig_general.o(.text) for __default_signal_display
    defsig_pvfn_inner.o(.text) refers to defsig_general.o(.text) for __default_signal_display
    defsig_cppl_inner.o(.text) refers to defsig_general.o(.text) for __default_signal_display
    defsig_segv_inner.o(.text) refers to defsig_general.o(.text) for __default_signal_display
    defsig_other.o(.text) refers to defsig_general.o(.text) for __default_signal_display


==============================================================================

Removing Unused input sections from the image.

    Removing algo.o(.constdata), (10 bytes).
    Removing spi.o(.data), (1 bytes).
    Removing pid.o(.data), (2 bytes).
    Removing nrf24l01_driver.o(.data), (36 bytes).

4 unused section(s) (total 49 bytes) removed from the image.

==============================================================================

Image Symbol Table

    Local Symbols

    Symbol Name                              Value     Ov Type        Size  Object(Section)

    RESET                                    0x00000000   Section      288  startup.o(RESET)
    ../clib/angel/boardlib.s                 0x00000000   Number         0  boardshut.o ABSOLUTE
    ../clib/angel/boardlib.s                 0x00000000   Number         0  boardinit3.o ABSOLUTE
    ../clib/angel/boardlib.s                 0x00000000   Number         0  boardinit1.o ABSOLUTE
    ../clib/angel/boardlib.s                 0x00000000   Number         0  boardinit2.o ABSOLUTE
    ../clib/angel/handlers.s                 0x00000000   Number         0  __scatter_copy.o ABSOLUTE
    ../clib/angel/kernel.s                   0x00000000   Number         0  rtentry2.o ABSOLUTE
    ../clib/angel/kernel.s                   0x00000000   Number         0  rtentry4.o ABSOLUTE
    ../clib/angel/kernel.s                   0x00000000   Number         0  rtexit2.o ABSOLUTE
    ../clib/angel/kernel.s                   0x00000000   Number         0  rtentry.o ABSOLUTE
    ../clib/angel/kernel.s                   0x00000000   Number         0  rtexit.o ABSOLUTE
    ../clib/angel/rt.s                       0x00000000   Number         0  rt_raise.o ABSOLUTE
    ../clib/angel/rt.s                       0x00000000   Number         0  rt_div0.o ABSOLUTE
    ../clib/angel/rt.s                       0x00000000   Number         0  aeabi_idiv0.o ABSOLUTE
    ../clib/angel/rt.s                       0x00000000   Number         0  aeabi_idiv0_sigfpe.o ABSOLUTE
    ../clib/angel/scatter.s                  0x00000000   Number         0  __scatter.o ABSOLUTE
    ../clib/angel/startup.s                  0x00000000   Number         0  __main.o ABSOLUTE
    ../clib/angel/sys.s                      0x00000000   Number         0  sys_stackheap_outer.o ABSOLUTE
    ../clib/angel/sys.s                      0x00000000   Number         0  indicate_semi.o ABSOLUTE
    ../clib/angel/sys.s                      0x00000000   Number         0  use_no_semi.o ABSOLUTE
    ../clib/angel/sys.s                      0x00000000   Number         0  libspace.o ABSOLUTE
    ../clib/angel/sysapp.c                   0x00000000   Number         0  sys_exit.o ABSOLUTE
    ../clib/angel/sysapp.c                   0x00000000   Number         0  sys_wrch.o ABSOLUTE
    ../clib/angel/sysapp.c                   0x00000000   Number         0  sys_command.o ABSOLUTE
    ../clib/armsys.c                         0x00000000   Number         0  argv_veneer.o ABSOLUTE
    ../clib/armsys.c                         0x00000000   Number         0  no_argv.o ABSOLUTE
    ../clib/armsys.c                         0x00000000   Number         0  _get_argv_nomalloc.o ABSOLUTE
    ../clib/armsys.c                         0x00000000   Number         0  argv_veneer.o ABSOLUTE
    ../clib/division.s                       0x00000000   Number         0  aeabi_sdiv_div0.o ABSOLUTE
    ../clib/division.s                       0x00000000   Number         0  aeabi_sdiv.o ABSOLUTE
    ../clib/divrt.s                          0x00000000   Number         0  divrt_7tdmi_div0.o ABSOLUTE
    ../clib/divrt.s                          0x00000000   Number         0  divrt_7tdmi.o ABSOLUTE
    ../clib/heapalloc.c                      0x00000000   Number         0  hrguard.o ABSOLUTE
    ../clib/heapaux.c                        0x00000000   Number         0  heapauxi.o ABSOLUTE
    ../clib/libinit.s                        0x00000000   Number         0  libinit.o ABSOLUTE
    ../clib/libinit.s                        0x00000000   Number         0  libshutdown2.o ABSOLUTE
    ../clib/libinit.s                        0x00000000   Number         0  libshutdown.o ABSOLUTE
    ../clib/libinit.s                        0x00000000   Number         0  libinit2.o ABSOLUTE
    ../clib/signal.c                         0x00000000   Number         0  defsig_fpe_outer.o ABSOLUTE
    ../clib/signal.c                         0x00000000   Number         0  defsig_fpe_inner.o ABSOLUTE
    ../clib/signal.c                         0x00000000   Number         0  defsig_exit.o ABSOLUTE
    ../clib/signal.c                         0x00000000   Number         0  defsig_stak_inner.o ABSOLUTE
    ../clib/signal.c                         0x00000000   Number         0  defsig_rtred_inner.o ABSOLUTE
    ../clib/signal.c                         0x00000000   Number         0  defsig_fpe_formal.o ABSOLUTE
    ../clib/signal.c                         0x00000000   Number         0  defsig_rtmem_formal.o ABSOLUTE
    ../clib/signal.c                         0x00000000   Number         0  defsig_rtmem_outer.o ABSOLUTE
    ../clib/signal.c                         0x00000000   Number         0  defsig_rtmem_inner.o ABSOLUTE
    ../clib/signal.c                         0x00000000   Number         0  defsig_abrt_inner.o ABSOLUTE
    ../clib/signal.c                         0x00000000   Number         0  defsig_cppl_inner.o ABSOLUTE
    ../clib/signal.c                         0x00000000   Number         0  __raise.o ABSOLUTE
    ../clib/signal.c                         0x00000000   Number         0  defsig_general.o ABSOLUTE
    ../clib/signal.c                         0x00000000   Number         0  defsig_pvfn_inner.o ABSOLUTE
    ../clib/signal.c                         0x00000000   Number         0  defsig_segv_inner.o ABSOLUTE
    ../clib/signal.c                         0x00000000   Number         0  defsig_other.o ABSOLUTE
    ../clib/signal.s                         0x00000000   Number         0  defsig.o ABSOLUTE
    ../clib/stdlib.c                         0x00000000   Number         0  exit.o ABSOLUTE
    ../fplib/d2f.s                           0x00000000   Number         0  d2f.o ABSOLUTE
    ../fplib/daddsub.s                       0x00000000   Number         0  daddsub_noclz.o ABSOLUTE
    ../fplib/dcmpi.s                         0x00000000   Number         0  dcmpi.o ABSOLUTE
    ../fplib/ddiv.s                          0x00000000   Number         0  ddiv.o ABSOLUTE
    ../fplib/dfix.s                          0x00000000   Number         0  dfix.o ABSOLUTE
    ../fplib/dflt.s                          0x00000000   Number         0  dflt_noclz.o ABSOLUTE
    ../fplib/dleqf.s                         0x00000000   Number         0  dleqf.o ABSOLUTE
    ../fplib/dmul.s                          0x00000000   Number         0  dmul.o ABSOLUTE
    ../fplib/dnaninf.s                       0x00000000   Number         0  dnaninf.o ABSOLUTE
    ../fplib/dretinf.s                       0x00000000   Number         0  dretinf.o ABSOLUTE
    ../fplib/drleqf.s                        0x00000000   Number         0  drleqf.o ABSOLUTE
    ../fplib/f2d.s                           0x00000000   Number         0  f2d.o ABSOLUTE
    ../fplib/faddsub.s                       0x00000000   Number         0  faddsub_noclz.o ABSOLUTE
    ../fplib/fdiv.s                          0x00000000   Number         0  fdiv.o ABSOLUTE
    ../fplib/fflt.s                          0x00000000   Number         0  fflt_noclz.o ABSOLUTE
    ../fplib/fnaninf.s                       0x00000000   Number         0  fnaninf.o ABSOLUTE
    ../fplib/fpinit.s                        0x00000000   Number         0  fpinit.o ABSOLUTE
    ../fplib/fretinf.s                       0x00000000   Number         0  fretinf.o ABSOLUTE
    ../fplib/usenofp.s                       0x00000000   Number         0  usenofp.o ABSOLUTE
    Startup.s                                0x00000000   Number         0  startup.o ABSOLUTE
    algo.c                                   0x00000000   Number         0  algo.o ABSOLUTE
    dc.s                                     0x00000000   Number         0  dc.o ABSOLUTE
    dio.c                                    0x00000000   Number         0  dio.o ABSOLUTE
    iic_com_driver.c                         0x00000000   Number         0  iic_com_driver.o ABSOLUTE
    led.c                                    0x00000000   Number         0  led.o ABSOLUTE
    main.c                                   0x00000000   Number         0  main.o ABSOLUTE
    nRF24L01_driver.c                        0x00000000   Number         0  nrf24l01_driver.o ABSOLUTE
    output.c                                 0x00000000   Number         0  output.o ABSOLUTE
    pid.c                                    0x00000000   Number         0  pid.o ABSOLUTE
    sensors_i2c.c                            0x00000000   Number         0  sensors_i2c.o ABSOLUTE
    spi.c                                    0x00000000   Number         0  spi.o ABSOLUTE
    uart.c                                   0x00000000   Number         0  uart.o ABSOLUTE
    Undef_Handler                            0x00000040   ARM Code       4  startup.o(RESET)
    SWI_Handler                              0x00000044   ARM Code       4  startup.o(RESET)
    PAbt_Handler                             0x00000048   ARM Code       4  startup.o(RESET)
    DAbt_Handler                             0x0000004c   ARM Code       4  startup.o(RESET)
    IRQ_Handler                              0x00000050   ARM Code       4  startup.o(RESET)
    FIQ_Handler                              0x00000054   ARM Code       4  startup.o(RESET)
    !!!main                                  0x00000120   Section        8  __main.o(!!!main)
    !!!scatter                               0x00000128   Section       60  __scatter.o(!!!scatter)
    !!handler_copy                           0x00000164   Section       40  __scatter_copy.o(!!handler_copy)
    .ARM.Collect$$libinit$$00000000          0x0000018c   Section        4  libinit.o(.ARM.Collect$$libinit$$00000000)
    .ARM.Collect$$libinit$$00000002          0x00000190   Section        0  libinit2.o(.ARM.Collect$$libinit$$00000002)
    .ARM.Collect$$libinit$$00000008          0x00000190   Section        0  libinit2.o(.ARM.Collect$$libinit$$00000008)
    .ARM.Collect$$libinit$$0000000A          0x00000190   Section        0  libinit2.o(.ARM.Collect$$libinit$$0000000A)
    .ARM.Collect$$libinit$$0000000C          0x00000190   Section        0  libinit2.o(.ARM.Collect$$libinit$$0000000C)
    .ARM.Collect$$libinit$$0000000F          0x00000190   Section        0  libinit2.o(.ARM.Collect$$libinit$$0000000F)
    .ARM.Collect$$libinit$$00000011          0x00000190   Section        0  libinit2.o(.ARM.Collect$$libinit$$00000011)
    .ARM.Collect$$libinit$$00000013          0x00000190   Section        0  libinit2.o(.ARM.Collect$$libinit$$00000013)
    .ARM.Collect$$libinit$$00000015          0x00000190   Section        0  libinit2.o(.ARM.Collect$$libinit$$00000015)
    .ARM.Collect$$libinit$$00000017          0x00000190   Section        0  libinit2.o(.ARM.Collect$$libinit$$00000017)
    .ARM.Collect$$libinit$$00000019          0x00000190   Section        0  libinit2.o(.ARM.Collect$$libinit$$00000019)
    .ARM.Collect$$libinit$$0000001B          0x00000190   Section        0  libinit2.o(.ARM.Collect$$libinit$$0000001B)
    .ARM.Collect$$libinit$$0000001D          0x00000190   Section        0  libinit2.o(.ARM.Collect$$libinit$$0000001D)
    .ARM.Collect$$libinit$$0000001F          0x00000190   Section        0  libinit2.o(.ARM.Collect$$libinit$$0000001F)
    .ARM.Collect$$libinit$$00000021          0x00000190   Section        0  libinit2.o(.ARM.Collect$$libinit$$00000021)
    .ARM.Collect$$libinit$$00000023          0x00000190   Section        0  libinit2.o(.ARM.Collect$$libinit$$00000023)
    .ARM.Collect$$libinit$$0000002A          0x00000190   Section        0  libinit2.o(.ARM.Collect$$libinit$$0000002A)
    .ARM.Collect$$libinit$$0000002C          0x00000190   Section        0  libinit2.o(.ARM.Collect$$libinit$$0000002C)
    .ARM.Collect$$libinit$$0000002E          0x00000190   Section        0  libinit2.o(.ARM.Collect$$libinit$$0000002E)
    .ARM.Collect$$libinit$$00000030          0x00000190   Section        0  libinit2.o(.ARM.Collect$$libinit$$00000030)
    .ARM.Collect$$libinit$$00000031          0x00000190   Section        4  libinit2.o(.ARM.Collect$$libinit$$00000031)
    .ARM.Collect$$libshutdown$$00000000      0x00000194   Section        4  libshutdown.o(.ARM.Collect$$libshutdown$$00000000)
    .ARM.Collect$$libshutdown$$00000003      0x00000198   Section        0  libshutdown2.o(.ARM.Collect$$libshutdown$$00000003)
    .ARM.Collect$$libshutdown$$00000006      0x00000198   Section        0  libshutdown2.o(.ARM.Collect$$libshutdown$$00000006)
    .ARM.Collect$$libshutdown$$00000009      0x00000198   Section        0  libshutdown2.o(.ARM.Collect$$libshutdown$$00000009)
    .ARM.Collect$$libshutdown$$0000000B      0x00000198   Section        0  libshutdown2.o(.ARM.Collect$$libshutdown$$0000000B)
    .ARM.Collect$$libshutdown$$0000000E      0x00000198   Section        0  libshutdown2.o(.ARM.Collect$$libshutdown$$0000000E)
    .ARM.Collect$$libshutdown$$0000000F      0x00000198   Section        4  libshutdown2.o(.ARM.Collect$$libshutdown$$0000000F)
    .ARM.Collect$$rtentry$$00000000          0x0000019c   Section        0  rtentry.o(.ARM.Collect$$rtentry$$00000000)
    .ARM.Collect$$rtentry$$00000002          0x0000019c   Section        0  rtentry2.o(.ARM.Collect$$rtentry$$00000002)
    .ARM.Collect$$rtentry$$00000004          0x0000019c   Section        8  rtentry4.o(.ARM.Collect$$rtentry$$00000004)
    .ARM.Collect$$rtentry$$00000009          0x000001a4   Section        0  rtentry2.o(.ARM.Collect$$rtentry$$00000009)
    .ARM.Collect$$rtentry$$0000000A          0x000001a4   Section        4  rtentry2.o(.ARM.Collect$$rtentry$$0000000A)
    .ARM.Collect$$rtentry$$0000000C          0x000001a8   Section        0  rtentry2.o(.ARM.Collect$$rtentry$$0000000C)
    .ARM.Collect$$rtentry$$0000000D          0x000001a8   Section        8  rtentry2.o(.ARM.Collect$$rtentry$$0000000D)
    .ARM.Collect$$rtexit$$00000000           0x000001b0   Section        4  rtexit.o(.ARM.Collect$$rtexit$$00000000)
    .ARM.Collect$$rtexit$$00000002           0x000001b4   Section        0  rtexit2.o(.ARM.Collect$$rtexit$$00000002)
    .ARM.Collect$$rtexit$$00000003           0x000001b4   Section        4  rtexit2.o(.ARM.Collect$$rtexit$$00000003)
    .ARM.Collect$$rtexit$$00000004           0x000001b8   Section        8  rtexit2.o(.ARM.Collect$$rtexit$$00000004)
    .text                                    0x000001c0   Section       36  startup.o(.text)
    .text                                    0x000001e4   Section        0  main.o(.text)
    .text                                    0x00000e28   Section        0  iic_com_driver.o(.text)
    .text                                    0x00001250   Section        0  sensors_i2c.o(.text)
    .text                                    0x00001678   Section        0  uart.o(.text)
    sendSingleChar                           0x000016bc   ARM Code      36  uart.o(.text)
    .text                                    0x000017d8   Section        0  algo.o(.text)
    .text                                    0x00001dcc   Section        0  spi.o(.text)
    .text                                    0x00001f00   Section        0  pid.o(.text)
    .text                                    0x00002238   Section        0  dio.o(.text)
    .text                                    0x0000234c   Section        0  nrf24l01_driver.o(.text)
    .text                                    0x00002354   Section        0  output.o(.text)
    .text                                    0x000029a8   Section        0  led.o(.text)
    .text                                    0x00002a98   Section      380  aeabi_sdiv.o(.text)
    __arm_div8                               0x00002ac4   ARM Code       0  aeabi_sdiv.o(.text)
    __arm_div5                               0x00002ae8   ARM Code       0  aeabi_sdiv.o(.text)
    __arm_div2                               0x00002b0c   ARM Code       0  aeabi_sdiv.o(.text)
    __arm_div_large                          0x00002b48   ARM Code       0  aeabi_sdiv.o(.text)
    .text                                    0x00002c14   Section        0  heapauxi.o(.text)
    .text                                    0x00002c20   Section       96  sys_stackheap_outer.o(.text)
    .text                                    0x00002c80   Section        0  exit.o(.text)
    .text                                    0x00002c90   Section       12  libspace.o(.text)
    .text                                    0x00002c9c   Section        0  sys_exit.o(.text)
    .text                                    0x00002cb0   Section        4  use_no_semi.o(.text)
    .text                                    0x00002cb4   Section        0  indicate_semi.o(.text)
    .text_udiv                               0x00002cb4   Section       36  aeabi_sdiv.o(.text_udiv)
    x$fpl$d2f                                0x00002cd8   Section      108  d2f.o(x$fpl$d2f)
    x$fpl$dadd                               0x00002d44   Section      340  daddsub_noclz.o(x$fpl$dadd)
    _dadd1                                   0x00002d54   ARM Code       0  daddsub_noclz.o(x$fpl$dadd)
    x$fpl$dcmpinf                            0x00002e98   Section       28  dcmpi.o(x$fpl$dcmpinf)
    x$fpl$ddiv                               0x00002eb4   Section      720  ddiv.o(x$fpl$ddiv)
    ddiv_entry                               0x00002ebc   ARM Code       0  ddiv.o(x$fpl$ddiv)
    x$fpl$dfix                               0x00003184   Section      112  dfix.o(x$fpl$dfix)
    x$fpl$dflt                               0x000031f4   Section       88  dflt_noclz.o(x$fpl$dflt)
    x$fpl$dfltu                              0x0000324c   Section       12  dflt_noclz.o(x$fpl$dfltu)
    x$fpl$dleqf                              0x00003258   Section      148  dleqf.o(x$fpl$dleqf)
    x$fpl$dmul                               0x000032ec   Section      376  dmul.o(x$fpl$dmul)
    x$fpl$dnaninf                            0x00003464   Section      184  dnaninf.o(x$fpl$dnaninf)
    x$fpl$dretinf                            0x0000351c   Section       16  dretinf.o(x$fpl$dretinf)
    x$fpl$drleqf                             0x0000352c   Section      140  drleqf.o(x$fpl$drleqf)
    x$fpl$dsub                               0x000035b8   Section      572  daddsub_noclz.o(x$fpl$dsub)
    _dsub1                                   0x000035c8   ARM Code       0  daddsub_noclz.o(x$fpl$dsub)
    x$fpl$f2d                                0x000037f4   Section      100  f2d.o(x$fpl$f2d)
    x$fpl$fadd                               0x00003858   Section      196  faddsub_noclz.o(x$fpl$fadd)
    _fadd1                                   0x00003864   ARM Code       0  faddsub_noclz.o(x$fpl$fadd)
    x$fpl$fdiv                               0x0000391c   Section      400  fdiv.o(x$fpl$fdiv)
    _fdiv1                                   0x0000391c   ARM Code       0  fdiv.o(x$fpl$fdiv)
    x$fpl$fflt                               0x00003aac   Section       92  fflt_noclz.o(x$fpl$fflt)
    x$fpl$ffltu                              0x00003b08   Section        8  fflt_noclz.o(x$fpl$ffltu)
    x$fpl$fnaninf                            0x00003b10   Section      160  fnaninf.o(x$fpl$fnaninf)
    x$fpl$fretinf                            0x00003bb0   Section       16  fretinf.o(x$fpl$fretinf)
    x$fpl$frsb                               0x00003bc0   Section       20  faddsub_noclz.o(x$fpl$frsb)
    x$fpl$fsub                               0x00003bd4   Section      304  faddsub_noclz.o(x$fpl$fsub)
    _fsub1                                   0x00003be0   ARM Code       0  faddsub_noclz.o(x$fpl$fsub)
    .constdata                               0x00003d04   Section      120  sensors_i2c.o(.constdata)
    x$fpl$usenofp                            0x00003d04   Section        0  usenofp.o(x$fpl$usenofp)
    .data                                    0x40000000   Section       68  main.o(.data)
    initDone                                 0x40000018   Data           1  main.o(.data)
    .data                                    0x40000044   Section        3  iic_com_driver.o(.data)
    STATE_MACHINE                            0x40000044   Data           1  iic_com_driver.o(.data)
    .data                                    0x40000047   Section       42  sensors_i2c.o(.data)
    .data                                    0x40000078   Section       96  algo.o(.data)
    accXAngle                                0x400000b8   Data           4  algo.o(.data)
    accYAngle                                0x400000bc   Data           4  algo.o(.data)
    CNT_ARM                                  0x400000c2   Data           2  algo.o(.data)
    accXAngle_deg                            0x400000c8   Data           8  algo.o(.data)
    accYAngle_deg                            0x400000d0   Data           8  algo.o(.data)
    .data                                    0x400000d8   Section       52  output.o(.data)
    commandMot1                              0x400000fc   Data           4  output.o(.data)
    commandMot2                              0x40000100   Data           4  output.o(.data)
    commandMot3                              0x40000104   Data           4  output.o(.data)
    commandMot4                              0x40000108   Data           4  output.o(.data)
    .data                                    0x4000010c   Section        3  led.o(.data)
    .bss                                     0x40000110   Section      192  main.o(.bss)
    .bss                                     0x400001d0   Section       12  iic_com_driver.o(.bss)
    IIC_STRUCT                               0x400001d0   Data          12  iic_com_driver.o(.bss)
    .bss                                     0x400001dc   Section       68  sensors_i2c.o(.bss)
    .bss                                     0x40000220   Section      200  algo.o(.bss)
    .bss                                     0x400002e8   Section      192  output.o(.bss)
    CHART_OUT_ARRAY                          0x40000390   Data          24  output.o(.bss)
    .bss                                     0x400003a8   Section       96  libspace.o(.bss)
    HEAP                                     0x40000408   Section      256  startup.o(HEAP)
    Heap_Mem                                 0x40000408   Data         256  startup.o(HEAP)
    STACK                                    0x40000508   Section     2088  startup.o(STACK)
    Stack_Mem                                0x40000508   Data        1536  startup.o(STACK)
    Stack_Top                                0x40000d30   Data           0  startup.o(STACK)

    Global Symbols

    Symbol Name                              Value     Ov Type        Size  Object(Section)

    BuildAttributes$$ARM_ISAv4$S$PE$A:L22$X:L11$S22$IEEE1$~IW$USESV6$~STKCKD$USESV7$~SHL$OSPACE$ROPI$EBA8$UX$STANDARDLIB$REQ8$PRES8$EABIv2 0x00000000   Number         0  anon$$obj.o ABSOLUTE
    __ARM_use_no_argv                        0x00000000   Number         0  main.o ABSOLUTE
    __ARM_exceptions_init                     - Undefined Weak Reference
    __alloca_initialize                       - Undefined Weak Reference
    __cpp_initialize__aeabi_                  - Undefined Weak Reference
    __cxa_finalize                            - Undefined Weak Reference
    __rt_locale                               - Undefined Weak Reference
    __sigvec_lookup                           - Undefined Weak Reference
    _atexit_init                              - Undefined Weak Reference
    _call_atexit_fns                          - Undefined Weak Reference
    _clock_init                               - Undefined Weak Reference
    _fp_trap_init                             - Undefined Weak Reference
    _fp_trap_shutdown                         - Undefined Weak Reference
    _get_lc_collate                           - Undefined Weak Reference
    _get_lc_ctype                             - Undefined Weak Reference
    _get_lc_monetary                          - Undefined Weak Reference
    _get_lc_numeric                           - Undefined Weak Reference
    _get_lc_time                              - Undefined Weak Reference
    _getenv_init                              - Undefined Weak Reference
    _handle_redirection                       - Undefined Weak Reference
    _init_alloc                               - Undefined Weak Reference
    _init_user_alloc                          - Undefined Weak Reference
    _initio                                   - Undefined Weak Reference
    _rand_init                                - Undefined Weak Reference
    _signal_finish                            - Undefined Weak Reference
    _signal_init                              - Undefined Weak Reference
    _terminate_alloc                          - Undefined Weak Reference
    _terminate_user_alloc                     - Undefined Weak Reference
    _terminateio                              - Undefined Weak Reference
    Reset_Handler                            0x00000058   ARM Code       0  startup.o(RESET)
    __main                                   0x00000120   ARM Code       8  __main.o(!!!main)
    __scatterload                            0x00000128   ARM Code       0  __scatter.o(!!!scatter)
    __scatterload_rt2                        0x00000128   ARM Code      52  __scatter.o(!!!scatter)
    __scatterload_null                       0x0000013c   ARM Code       0  __scatter.o(!!!scatter)
    __scatterload_copy                       0x00000164   ARM Code      40  __scatter_copy.o(!!handler_copy)
    __rt_lib_init                            0x0000018c   ARM Code       0  libinit.o(.ARM.Collect$$libinit$$00000000)
    __rt_lib_init_alloca_1                   0x00000190   ARM Code       0  libinit2.o(.ARM.Collect$$libinit$$0000002C)
    __rt_lib_init_argv_1                     0x00000190   ARM Code       0  libinit2.o(.ARM.Collect$$libinit$$0000002A)
    __rt_lib_init_atexit_1                   0x00000190   ARM Code       0  libinit2.o(.ARM.Collect$$libinit$$00000019)
    __rt_lib_init_clock_1                    0x00000190   ARM Code       0  libinit2.o(.ARM.Collect$$libinit$$0000001F)
    __rt_lib_init_cpp_1                      0x00000190   ARM Code       0  libinit2.o(.ARM.Collect$$libinit$$00000030)
    __rt_lib_init_exceptions_1               0x00000190   ARM Code       0  libinit2.o(.ARM.Collect$$libinit$$0000002E)
    __rt_lib_init_fp_1                       0x00000190   ARM Code       0  libinit2.o(.ARM.Collect$$libinit$$00000002)
    __rt_lib_init_fp_trap_1                  0x00000190   ARM Code       0  libinit2.o(.ARM.Collect$$libinit$$0000001D)
    __rt_lib_init_getenv_1                   0x00000190   ARM Code       0  libinit2.o(.ARM.Collect$$libinit$$00000021)
    __rt_lib_init_heap_1                     0x00000190   ARM Code       0  libinit2.o(.ARM.Collect$$libinit$$00000008)
    __rt_lib_init_lc_collate_1               0x00000190   ARM Code       0  libinit2.o(.ARM.Collect$$libinit$$0000000F)
    __rt_lib_init_lc_ctype_1                 0x00000190   ARM Code       0  libinit2.o(.ARM.Collect$$libinit$$00000011)
    __rt_lib_init_lc_monetary_1              0x00000190   ARM Code       0  libinit2.o(.ARM.Collect$$libinit$$00000013)
    __rt_lib_init_lc_numeric_1               0x00000190   ARM Code       0  libinit2.o(.ARM.Collect$$libinit$$00000015)
    __rt_lib_init_lc_time_1                  0x00000190   ARM Code       0  libinit2.o(.ARM.Collect$$libinit$$00000017)
    __rt_lib_init_rand_1                     0x00000190   ARM Code       0  libinit2.o(.ARM.Collect$$libinit$$0000000C)
    __rt_lib_init_return                     0x00000190   ARM Code       0  libinit2.o(.ARM.Collect$$libinit$$00000031)
    __rt_lib_init_signal_1                   0x00000190   ARM Code       0  libinit2.o(.ARM.Collect$$libinit$$0000001B)
    __rt_lib_init_stdio_1                    0x00000190   ARM Code       0  libinit2.o(.ARM.Collect$$libinit$$00000023)
    __rt_lib_init_user_alloc_1               0x00000190   ARM Code       0  libinit2.o(.ARM.Collect$$libinit$$0000000A)
    __rt_lib_shutdown                        0x00000194   ARM Code       0  libshutdown.o(.ARM.Collect$$libshutdown$$00000000)
    __rt_lib_shutdown_fp_trap_1              0x00000198   ARM Code       0  libshutdown2.o(.ARM.Collect$$libshutdown$$00000006)
    __rt_lib_shutdown_heap_1                 0x00000198   ARM Code       0  libshutdown2.o(.ARM.Collect$$libshutdown$$0000000E)
    __rt_lib_shutdown_return                 0x00000198   ARM Code       0  libshutdown2.o(.ARM.Collect$$libshutdown$$0000000F)
    __rt_lib_shutdown_signal_1               0x00000198   ARM Code       0  libshutdown2.o(.ARM.Collect$$libshutdown$$00000009)
    __rt_lib_shutdown_stdio_1                0x00000198   ARM Code       0  libshutdown2.o(.ARM.Collect$$libshutdown$$00000003)
    __rt_lib_shutdown_user_alloc_1           0x00000198   ARM Code       0  libshutdown2.o(.ARM.Collect$$libshutdown$$0000000B)
    __rt_entry                               0x0000019c   ARM Code       0  rtentry.o(.ARM.Collect$$rtentry$$00000000)
    __rt_entry_presh_1                       0x0000019c   ARM Code       0  rtentry2.o(.ARM.Collect$$rtentry$$00000002)
    __rt_entry_sh                            0x0000019c   ARM Code       0  rtentry4.o(.ARM.Collect$$rtentry$$00000004)
    __rt_entry_li                            0x000001a4   ARM Code       0  rtentry2.o(.ARM.Collect$$rtentry$$0000000A)
    __rt_entry_postsh_1                      0x000001a4   ARM Code       0  rtentry2.o(.ARM.Collect$$rtentry$$00000009)
    __rt_entry_main                          0x000001a8   ARM Code       0  rtentry2.o(.ARM.Collect$$rtentry$$0000000D)
    __rt_entry_postli_1                      0x000001a8   ARM Code       0  rtentry2.o(.ARM.Collect$$rtentry$$0000000C)
    __rt_exit                                0x000001b0   ARM Code       0  rtexit.o(.ARM.Collect$$rtexit$$00000000)
    __rt_exit_ls                             0x000001b4   ARM Code       0  rtexit2.o(.ARM.Collect$$rtexit$$00000003)
    __rt_exit_prels_1                        0x000001b4   ARM Code       0  rtexit2.o(.ARM.Collect$$rtexit$$00000002)
    __rt_exit_exit                           0x000001b8   ARM Code       0  rtexit2.o(.ARM.Collect$$rtexit$$00000004)
    __user_initial_stackheap                 0x000001c0   ARM Code       0  startup.o(.text)
    IRQ_Loop                                 0x000001e4   ARM Code     156  main.o(.text)
    IRQ_Capture                              0x00000280   ARM Code    1124  main.o(.text)
    initSoftware                             0x000006e4   ARM Code     300  main.o(.text)
    initInputs                               0x00000810   ARM Code     464  main.o(.text)
    setCommandtoAct                          0x000009e0   ARM Code     164  main.o(.text)
    calculateInputs                          0x00000a84   ARM Code     612  main.o(.text)
    main                                     0x00000ce8   ARM Code     184  main.o(.text)
    IIC_Init                                 0x00000e28   ARM Code      72  iic_com_driver.o(.text)
    ISR_IIC_COMM                             0x00000e70   ARM Code     716  iic_com_driver.o(.text)
    IIC_COMM_REQ                             0x0000113c   ARM Code     252  iic_com_driver.o(.text)
    gyroCalculateData                        0x00001250   ARM Code     368  sensors_i2c.o(.text)
    accCalculateData                         0x000013c0   ARM Code     188  sensors_i2c.o(.text)
    magCalculateData                         0x0000147c   ARM Code     236  sensors_i2c.o(.text)
    STORE_GYRO_INIT_VALUES                   0x00001568   ARM Code      16  sensors_i2c.o(.text)
    HAL_GET_GYRO_RAW_DATA_IF                 0x00001578   ARM Code      48  sensors_i2c.o(.text)
    HAL_GET_GYRO_DATA_IF                     0x000015a8   ARM Code     112  sensors_i2c.o(.text)
    HAL_GET_ACC_DATA_IF                      0x00001618   ARM Code      48  sensors_i2c.o(.text)
    serialInit                               0x00001678   ARM Code      68  uart.o(.text)
    serialSendChar                           0x000016e0   ARM Code     244  uart.o(.text)
    resetStateMachine                        0x000017d8   ARM Code      48  algo.o(.text)
    calcStateMachine                         0x00001808   ARM Code     132  algo.o(.text)
    checkSafetyTriggerCondition              0x0000188c   ARM Code     232  algo.o(.text)
    isHoveringDesired                        0x00001974   ARM Code       8  algo.o(.text)
    calcDesiredAngle                         0x0000197c   ARM Code     224  algo.o(.text)
    calcActualAngle                          0x00001a5c   ARM Code     752  algo.o(.text)
    SPI_Init                                 0x00001dcc   ARM Code      64  spi.o(.text)
    SPI_Send                                 0x00001e0c   ARM Code     236  spi.o(.text)
    PID_Init                                 0x00001f00   ARM Code     316  pid.o(.text)
    UpdatePID                                0x0000203c   ARM Code     336  pid.o(.text)
    calcAndLimitCommand                      0x0000218c   ARM Code      76  pid.o(.text)
    limitCommand                             0x000021d8   ARM Code      48  pid.o(.text)
    reqDioFunction                           0x00002238   ARM Code     128  dio.o(.text)
    reqDioDirection                          0x000022b8   ARM Code      64  dio.o(.text)
    reqDioOutput                             0x000022f8   ARM Code      64  dio.o(.text)
    reqDioInput                              0x00002338   ARM Code      12  dio.o(.text)
    initTelemetry                            0x0000234c   ARM Code       4  nrf24l01_driver.o(.text)
    telemetryMain                            0x00002350   ARM Code       4  nrf24l01_driver.o(.text)
    PID_Main                                 0x00002354   ARM Code    1520  output.o(.text)
    ledCycleCommand                          0x000029a8   ARM Code     172  led.o(.text)
    LED_Main                                 0x00002a54   ARM Code      52  led.o(.text)
    __aeabi_idiv                             0x00002a98   ARM Code       0  aeabi_sdiv.o(.text)
    __aeabi_idivmod                          0x00002a98   ARM Code     380  aeabi_sdiv.o(.text)
    __use_two_region_memory                  0x00002c14   ARM Code       4  heapauxi.o(.text)
    __rt_heap_escrow$2region                 0x00002c18   ARM Code       4  heapauxi.o(.text)
    __rt_heap_expand$2region                 0x00002c1c   ARM Code       4  heapauxi.o(.text)
    __user_setup_stackheap                   0x00002c20   ARM Code      96  sys_stackheap_outer.o(.text)
    exit                                     0x00002c80   ARM Code      16  exit.o(.text)
    __user_libspace                          0x00002c90   ARM Code      12  libspace.o(.text)
    __user_perproc_libspace                  0x00002c90   ARM Code       0  libspace.o(.text)
    __user_perthread_libspace                0x00002c90   ARM Code       0  libspace.o(.text)
    _sys_exit                                0x00002c9c   ARM Code      16  sys_exit.o(.text)
    __I$use$semihosting                      0x00002cb0   ARM Code       0  use_no_semi.o(.text)
    __use_no_semihosting_swi                 0x00002cb0   ARM Code       4  use_no_semi.o(.text)
    __aeabi_uidiv                            0x00002cb4   ARM Code       0  aeabi_sdiv.o(.text_udiv)
    __aeabi_uidivmod                         0x00002cb4   ARM Code      36  aeabi_sdiv.o(.text_udiv)
    __semihosting_library_function           0x00002cb4   ARM Code       0  indicate_semi.o(.text)
    __aeabi_d2f                              0x00002cd8   ARM Code       0  d2f.o(x$fpl$d2f)
    _d2f                                     0x00002cd8   ARM Code     108  d2f.o(x$fpl$d2f)
    __aeabi_dadd                             0x00002d44   ARM Code       0  daddsub_noclz.o(x$fpl$dadd)
    _dadd                                    0x00002d44   ARM Code     336  daddsub_noclz.o(x$fpl$dadd)
    __fpl_dcmp_Inf                           0x00002e98   ARM Code      28  dcmpi.o(x$fpl$dcmpinf)
    __aeabi_ddiv                             0x00002eb4   ARM Code       0  ddiv.o(x$fpl$ddiv)
    _ddiv                                    0x00002eb4   ARM Code     584  ddiv.o(x$fpl$ddiv)
    __aeabi_d2iz                             0x00003184   ARM Code       0  dfix.o(x$fpl$dfix)
    _dfix                                    0x00003184   ARM Code     112  dfix.o(x$fpl$dfix)
    __aeabi_i2d                              0x000031f4   ARM Code       0  dflt_noclz.o(x$fpl$dflt)
    _dflt                                    0x000031f4   ARM Code      88  dflt_noclz.o(x$fpl$dflt)
    __dflt_normalise                         0x00003204   ARM Code       0  dflt_noclz.o(x$fpl$dflt)
    __aeabi_ui2d                             0x0000324c   ARM Code       0  dflt_noclz.o(x$fpl$dfltu)
    _dfltu                                   0x0000324c   ARM Code      12  dflt_noclz.o(x$fpl$dfltu)
    __aeabi_cdcmple                          0x00003258   ARM Code       0  dleqf.o(x$fpl$dleqf)
    _dcmple                                  0x00003258   ARM Code     148  dleqf.o(x$fpl$dleqf)
    __fpl_dcmple_InfNaN                      0x000032d4   ARM Code       0  dleqf.o(x$fpl$dleqf)
    __aeabi_dmul                             0x000032ec   ARM Code       0  dmul.o(x$fpl$dmul)
    _dmul                                    0x000032ec   ARM Code     364  dmul.o(x$fpl$dmul)
    __fpl_dnaninf                            0x00003464   ARM Code     184  dnaninf.o(x$fpl$dnaninf)
    __fpl_dretinf                            0x0000351c   ARM Code      16  dretinf.o(x$fpl$dretinf)
    __aeabi_cdrcmple                         0x0000352c   ARM Code       0  drleqf.o(x$fpl$drleqf)
    _drcmple                                 0x0000352c   ARM Code     140  drleqf.o(x$fpl$drleqf)
    __aeabi_dsub                             0x000035b8   ARM Code       0  daddsub_noclz.o(x$fpl$dsub)
    _dsub                                    0x000035b8   ARM Code     568  daddsub_noclz.o(x$fpl$dsub)
    __aeabi_f2d                              0x000037f4   ARM Code       0  f2d.o(x$fpl$f2d)
    _f2d                                     0x000037f4   ARM Code     100  f2d.o(x$fpl$f2d)
    __aeabi_fadd                             0x00003858   ARM Code       0  faddsub_noclz.o(x$fpl$fadd)
    _fadd                                    0x00003858   ARM Code     196  faddsub_noclz.o(x$fpl$fadd)
    __aeabi_fdiv                             0x0000391c   ARM Code       0  fdiv.o(x$fpl$fdiv)
    _fdiv                                    0x0000391c   ARM Code     396  fdiv.o(x$fpl$fdiv)
    __aeabi_i2f                              0x00003aac   ARM Code       0  fflt_noclz.o(x$fpl$fflt)
    _fflt                                    0x00003aac   ARM Code      92  fflt_noclz.o(x$fpl$fflt)
    __fflt_normalise                         0x00003ab8   ARM Code       0  fflt_noclz.o(x$fpl$fflt)
    __aeabi_ui2f                             0x00003b08   ARM Code       0  fflt_noclz.o(x$fpl$ffltu)
    _ffltu                                   0x00003b08   ARM Code       8  fflt_noclz.o(x$fpl$ffltu)
    __fpl_fnaninf                            0x00003b10   ARM Code     160  fnaninf.o(x$fpl$fnaninf)
    __fpl_fretinf                            0x00003bb0   ARM Code      16  fretinf.o(x$fpl$fretinf)
    __aeabi_frsub                            0x00003bc0   ARM Code       0  faddsub_noclz.o(x$fpl$frsb)
    _frsb                                    0x00003bc0   ARM Code      20  faddsub_noclz.o(x$fpl$frsb)
    __aeabi_fsub                             0x00003bd4   ARM Code       0  faddsub_noclz.o(x$fpl$fsub)
    _fsub                                    0x00003bd4   ARM Code     304  faddsub_noclz.o(x$fpl$fsub)
    GYRO_INIT_STRUCT                         0x00003d04   Data          12  sensors_i2c.o(.constdata)
    __I$use$fp                               0x00003d04   Number         0  usenofp.o(x$fpl$usenofp)
    GYRO_INIT_STRUCT_FIFO                    0x00003d10   Data          12  sensors_i2c.o(.constdata)
    GYRO_READ_STRUCT                         0x00003d1c   Data          12  sensors_i2c.o(.constdata)
    GYRO_INIT_READ_STRUCT                    0x00003d28   Data          12  sensors_i2c.o(.constdata)
    ACC_INIT_STRUCT                          0x00003d34   Data          12  sensors_i2c.o(.constdata)
    ACC_FIFO_INIT_STRUCT                     0x00003d40   Data          12  sensors_i2c.o(.constdata)
    ACC_READ_STRUCT                          0x00003d4c   Data          12  sensors_i2c.o(.constdata)
    MAG_INIT_STRUCT                          0x00003d58   Data          12  sensors_i2c.o(.constdata)
    MAG_READ_STRUCT                          0x00003d64   Data          12  sensors_i2c.o(.constdata)
    BARO_INIT_STRUCT                         0x00003d70   Data          12  sensors_i2c.o(.constdata)
    Region$$Table$$Base                      0x00003d7c   Number         0  anon$$obj.o(Region$$Table)
    Region$$Table$$Limit                     0x00003d8c   Number         0  anon$$obj.o(Region$$Table)
    errorCause                               0x40000000   Data           4  main.o(.data)
    startLoop                                0x40000004   Data           2  main.o(.data)
    startCondCounter                         0x40000008   Data           4  main.o(.data)
    startCond                                0x4000000c   Data           2  main.o(.data)
    CLOCK_VAR                                0x40000010   Data           4  main.o(.data)
    nextMagReadLoop                          0x40000014   Data           4  main.o(.data)
    SAVE_TC                                  0x4000001c   Data           4  main.o(.data)
    MCU_LOAD                                 0x40000020   Data           8  main.o(.data)
    functioPointerArray                      0x40000028   Data          28  main.o(.data)
    IIC_RECEIVE_CONFIRMED                    0x40000045   Data           1  iic_com_driver.o(.data)
    IIC_COM_RETURN_VAL                       0x40000046   Data           1  iic_com_driver.o(.data)
    GYRO_RAW_INPUT_STRUCT                    0x40000047   Data           8  sensors_i2c.o(.data)
    ACC_RAW_INPUT_STRUCT                     0x4000004f   Data           6  sensors_i2c.o(.data)
    MAG_RAW_INPUT_STRUCT                     0x40000055   Data           6  sensors_i2c.o(.data)
    GYRO_INIT_INPUT_STRUCT                   0x4000005b   Data           5  sensors_i2c.o(.data)
    GyroQueueIndex                           0x40000060   Data           1  sensors_i2c.o(.data)
    GyroRawQueueIndex                        0x40000061   Data           1  sensors_i2c.o(.data)
    AccQueueIndex                            0x40000062   Data           1  sensors_i2c.o(.data)
    GYRO_INIT_VAL                            0x40000063   Data           5  sensors_i2c.o(.data)
    GYRO_FIFO_INIT_VAL                       0x40000068   Data           1  sensors_i2c.o(.data)
    ACC_INIT_VAL                             0x40000069   Data           1  sensors_i2c.o(.data)
    ACC_FIFO_INIT_VAL                        0x4000006a   Data           1  sensors_i2c.o(.data)
    MAG_INIT_VAL                             0x4000006b   Data           1  sensors_i2c.o(.data)
    BARO_INIT_VAL                            0x4000006c   Data           5  sensors_i2c.o(.data)
    STATUS_ARMED                             0x40000078   Data           1  algo.o(.data)
    autoHover                                0x40000079   Data           1  algo.o(.data)
    desiredRollAngle                         0x4000007c   Data           4  algo.o(.data)
    desiredPitchAngle                        0x40000080   Data           4  algo.o(.data)
    desiredYawRate                           0x40000084   Data           4  algo.o(.data)
    rollAngleError                           0x40000088   Data           8  algo.o(.data)
    pitchAngleError                          0x40000090   Data           8  algo.o(.data)
    yawRateError                             0x40000098   Data           8  algo.o(.data)
    actualRollAngle                          0x400000a0   Data           8  algo.o(.data)
    actualPitchAngle                         0x400000a8   Data           8  algo.o(.data)
    actualRawYawRate                         0x400000b0   Data           8  algo.o(.data)
    STATE                                    0x400000c0   Data           1  algo.o(.data)
    LEAVE_STATE                              0x400000c1   Data           1  algo.o(.data)
    indexChart                               0x400000d8   Data           1  output.o(.data)
    rollPIDResult                            0x400000e0   Data           8  output.o(.data)
    pitchPIDResult                           0x400000e8   Data           8  output.o(.data)
    yawPIDResult                             0x400000f0   Data           8  output.o(.data)
    selectPidCurrentLoop                     0x400000f8   Data           1  output.o(.data)
    cycleInProgress                          0x4000010c   Data           1  led.o(.data)
    ledOnLoopCounter                         0x4000010d   Data           1  led.o(.data)
    ledOffLoopCounter                        0x4000010e   Data           1  led.o(.data)
    channel                                  0x40000110   Data         160  main.o(.bss)
    INPUT_COMM                               0x400001b0   Data          32  main.o(.bss)
    GYRO_DATA_STRUCT                         0x400001dc   Data          28  sensors_i2c.o(.bss)
    ACC_DATA_STRUCT                          0x400001f8   Data          28  sensors_i2c.o(.bss)
    MAG_DATA_STRUCT                          0x40000214   Data          12  sensors_i2c.o(.bss)
    smoothAccRollAngle                       0x40000220   Data          20  algo.o(.bss)
    GYRO_DATA                                0x40000234   Data          60  algo.o(.bss)
    ACCELERATION_DATA                        0x40000270   Data          60  algo.o(.bss)
    GET_GYRO_RAW_DATA                        0x400002ac   Data          60  algo.o(.bss)
    rollAxis                                 0x400002e8   Data          56  output.o(.bss)
    pitchAxis                                0x40000320   Data          56  output.o(.bss)
    yawAxis                                  0x40000358   Data          56  output.o(.bss)
    __libspace_start                         0x400003a8   Data          96  libspace.o(.bss)
    __temporary_stack_top$libspace           0x40000408   Data           0  libspace.o(.bss)



==============================================================================

Memory Map of the image

  Image Entry point : 0x00000120

  Load Region LR_IROM1 (Base: 0x00000000, Size: 0x00003e9c, Max: 0x00008000, ABSOLUTE)

    Execution Region ER_IROM1 (Base: 0x00000000, Size: 0x00003d8c, Max: 0x00008000, ABSOLUTE)

    Base Addr    Size         Type   Attr      Idx    E Section Name        Object

    0x00000000   0x00000120   Code   RO            3    RESET               startup.o
    0x00000120   0x00000008   Code   RO          292  * !!!main             c_4.l(__main.o)
    0x00000128   0x0000003c   Code   RO          509    !!!scatter          c_4.l(__scatter.o)
    0x00000164   0x00000028   Code   RO          511    !!handler_copy      c_4.l(__scatter_copy.o)
    0x0000018c   0x00000004   Code   RO          382    .ARM.Collect$$libinit$$00000000  c_4.l(libinit.o)
    0x00000190   0x00000000   Code   RO          395    .ARM.Collect$$libinit$$00000002  c_4.l(libinit2.o)
    0x00000190   0x00000000   Code   RO          398    .ARM.Collect$$libinit$$00000008  c_4.l(libinit2.o)
    0x00000190   0x00000000   Code   RO          400    .ARM.Collect$$libinit$$0000000A  c_4.l(libinit2.o)
    0x00000190   0x00000000   Code   RO          402    .ARM.Collect$$libinit$$0000000C  c_4.l(libinit2.o)
    0x00000190   0x00000000   Code   RO          405    .ARM.Collect$$libinit$$0000000F  c_4.l(libinit2.o)
    0x00000190   0x00000000   Code   RO          407    .ARM.Collect$$libinit$$00000011  c_4.l(libinit2.o)
    0x00000190   0x00000000   Code   RO          409    .ARM.Collect$$libinit$$00000013  c_4.l(libinit2.o)
    0x00000190   0x00000000   Code   RO          411    .ARM.Collect$$libinit$$00000015  c_4.l(libinit2.o)
    0x00000190   0x00000000   Code   RO          413    .ARM.Collect$$libinit$$00000017  c_4.l(libinit2.o)
    0x00000190   0x00000000   Code   RO          415    .ARM.Collect$$libinit$$00000019  c_4.l(libinit2.o)
    0x00000190   0x00000000   Code   RO          417    .ARM.Collect$$libinit$$0000001B  c_4.l(libinit2.o)
    0x00000190   0x00000000   Code   RO          419    .ARM.Collect$$libinit$$0000001D  c_4.l(libinit2.o)
    0x00000190   0x00000000   Code   RO          421    .ARM.Collect$$libinit$$0000001F  c_4.l(libinit2.o)
    0x00000190   0x00000000   Code   RO          423    .ARM.Collect$$libinit$$00000021  c_4.l(libinit2.o)
    0x00000190   0x00000000   Code   RO          425    .ARM.Collect$$libinit$$00000023  c_4.l(libinit2.o)
    0x00000190   0x00000000   Code   RO          429    .ARM.Collect$$libinit$$0000002A  c_4.l(libinit2.o)
    0x00000190   0x00000000   Code   RO          431    .ARM.Collect$$libinit$$0000002C  c_4.l(libinit2.o)
    0x00000190   0x00000000   Code   RO          433    .ARM.Collect$$libinit$$0000002E  c_4.l(libinit2.o)
    0x00000190   0x00000000   Code   RO          435    .ARM.Collect$$libinit$$00000030  c_4.l(libinit2.o)
    0x00000190   0x00000004   Code   RO          436    .ARM.Collect$$libinit$$00000031  c_4.l(libinit2.o)
    0x00000194   0x00000004   Code   RO          467    .ARM.Collect$$libshutdown$$00000000  c_4.l(libshutdown.o)
    0x00000198   0x00000000   Code   RO          494    .ARM.Collect$$libshutdown$$00000003  c_4.l(libshutdown2.o)
    0x00000198   0x00000000   Code   RO          497    .ARM.Collect$$libshutdown$$00000006  c_4.l(libshutdown2.o)
    0x00000198   0x00000000   Code   RO          500    .ARM.Collect$$libshutdown$$00000009  c_4.l(libshutdown2.o)
    0x00000198   0x00000000   Code   RO          502    .ARM.Collect$$libshutdown$$0000000B  c_4.l(libshutdown2.o)
    0x00000198   0x00000000   Code   RO          505    .ARM.Collect$$libshutdown$$0000000E  c_4.l(libshutdown2.o)
    0x00000198   0x00000004   Code   RO          506    .ARM.Collect$$libshutdown$$0000000F  c_4.l(libshutdown2.o)
    0x0000019c   0x00000000   Code   RO          336    .ARM.Collect$$rtentry$$00000000  c_4.l(rtentry.o)
    0x0000019c   0x00000000   Code   RO          353    .ARM.Collect$$rtentry$$00000002  c_4.l(rtentry2.o)
    0x0000019c   0x00000008   Code   RO          365    .ARM.Collect$$rtentry$$00000004  c_4.l(rtentry4.o)
    0x000001a4   0x00000000   Code   RO          355    .ARM.Collect$$rtentry$$00000009  c_4.l(rtentry2.o)
    0x000001a4   0x00000004   Code   RO          356    .ARM.Collect$$rtentry$$0000000A  c_4.l(rtentry2.o)
    0x000001a8   0x00000000   Code   RO          358    .ARM.Collect$$rtentry$$0000000C  c_4.l(rtentry2.o)
    0x000001a8   0x00000008   Code   RO          359    .ARM.Collect$$rtentry$$0000000D  c_4.l(rtentry2.o)
    0x000001b0   0x00000004   Code   RO          386    .ARM.Collect$$rtexit$$00000000  c_4.l(rtexit.o)
    0x000001b4   0x00000000   Code   RO          440    .ARM.Collect$$rtexit$$00000002  c_4.l(rtexit2.o)
    0x000001b4   0x00000004   Code   RO          441    .ARM.Collect$$rtexit$$00000003  c_4.l(rtexit2.o)
    0x000001b8   0x00000008   Code   RO          442    .ARM.Collect$$rtexit$$00000004  c_4.l(rtexit2.o)
    0x000001c0   0x00000024   Code   RO            4    .text               startup.o
    0x000001e4   0x00000c44   Code   RO           11    .text               main.o
    0x00000e28   0x00000428   Code   RO           70    .text               iic_com_driver.o
    0x00001250   0x00000428   Code   RO           93    .text               sensors_i2c.o
    0x00001678   0x00000160   Code   RO          129    .text               uart.o
    0x000017d8   0x000005f4   Code   RO          152    .text               algo.o
    0x00001dcc   0x00000134   Code   RO          181    .text               spi.o
    0x00001f00   0x00000338   Code   RO          196    .text               pid.o
    0x00002238   0x00000114   Code   RO          211    .text               dio.o
    0x0000234c   0x00000008   Code   RO          223    .text               nrf24l01_driver.o
    0x00002354   0x00000654   Code   RO          238    .text               output.o
    0x000029a8   0x000000f0   Code   RO          257    .text               led.o
    0x00002a98   0x0000017c   Code   RO          274    .text               c_4.l(aeabi_sdiv.o)
    0x00002c14   0x0000000c   Code   RO          290    .text               c_4.l(heapauxi.o)
    0x00002c20   0x00000060   Code   RO          369    .text               c_4.l(sys_stackheap_outer.o)
    0x00002c80   0x00000010   Code   RO          371    .text               c_4.l(exit.o)
    0x00002c90   0x0000000c   Code   RO          383    .text               c_4.l(libspace.o)
    0x00002c9c   0x00000014   Code   RO          437    .text               c_4.l(sys_exit.o)
    0x00002cb0   0x00000004   Code   RO          456    .text               c_4.l(use_no_semi.o)
    0x00002cb4   0x00000000   Code   RO          458    .text               c_4.l(indicate_semi.o)
    0x00002cb4   0x00000024   Code   RO          275    .text_udiv          c_4.l(aeabi_sdiv.o)
    0x00002cd8   0x0000006c   Code   RO          294    x$fpl$d2f           fz_4s.l(d2f.o)
    0x00002d44   0x00000154   Code   RO          296    x$fpl$dadd          fz_4s.l(daddsub_noclz.o)
    0x00002e98   0x0000001c   Code   RO          341    x$fpl$dcmpinf       fz_4s.l(dcmpi.o)
    0x00002eb4   0x000002d0   Code   RO          303    x$fpl$ddiv          fz_4s.l(ddiv.o)
    0x00003184   0x00000070   Code   RO          306    x$fpl$dfix          fz_4s.l(dfix.o)
    0x000031f4   0x00000058   Code   RO          311    x$fpl$dflt          fz_4s.l(dflt_noclz.o)
    0x0000324c   0x0000000c   Code   RO          310    x$fpl$dfltu         fz_4s.l(dflt_noclz.o)
    0x00003258   0x00000094   Code   RO          314    x$fpl$dleqf         fz_4s.l(dleqf.o)
    0x000032ec   0x00000178   Code   RO          316    x$fpl$dmul          fz_4s.l(dmul.o)
    0x00003464   0x000000b8   Code   RO          343    x$fpl$dnaninf       fz_4s.l(dnaninf.o)
    0x0000351c   0x00000010   Code   RO          345    x$fpl$dretinf       fz_4s.l(dretinf.o)
    0x0000352c   0x0000008c   Code   RO          318    x$fpl$drleqf        fz_4s.l(drleqf.o)
    0x000035b8   0x0000023c   Code   RO          298    x$fpl$dsub          fz_4s.l(daddsub_noclz.o)
    0x000037f4   0x00000064   Code   RO          320    x$fpl$f2d           fz_4s.l(f2d.o)
    0x00003858   0x000000c4   Code   RO          322    x$fpl$fadd          fz_4s.l(faddsub_noclz.o)
    0x0000391c   0x00000190   Code   RO          329    x$fpl$fdiv          fz_4s.l(fdiv.o)
    0x00003aac   0x0000005c   Code   RO          333    x$fpl$fflt          fz_4s.l(fflt_noclz.o)
    0x00003b08   0x00000008   Code   RO          332    x$fpl$ffltu         fz_4s.l(fflt_noclz.o)
    0x00003b10   0x000000a0   Code   RO          347    x$fpl$fnaninf       fz_4s.l(fnaninf.o)
    0x00003bb0   0x00000010   Code   RO          349    x$fpl$fretinf       fz_4s.l(fretinf.o)
    0x00003bc0   0x00000014   Code   RO          323    x$fpl$frsb          fz_4s.l(faddsub_noclz.o)
    0x00003bd4   0x00000130   Code   RO          324    x$fpl$fsub          fz_4s.l(faddsub_noclz.o)
    0x00003d04   0x00000000   Code   RO          351    x$fpl$usenofp       fz_4s.l(usenofp.o)
    0x00003d04   0x00000078   Data   RO           95    .constdata          sensors_i2c.o
    0x00003d7c   0x00000010   Data   RO          507    Region$$Table       anon$$obj.o


    Execution Region RW_IRAM1 (Base: 0x40000000, Size: 0x00000d30, Max: 0x00002000, ABSOLUTE, UNINIT)

    Base Addr    Size         Type   Attr      Idx    E Section Name        Object

    0x40000000   0x00000044   Data   RW           13    .data               main.o
    0x40000044   0x00000003   Data   RW           72    .data               iic_com_driver.o
    0x40000047   0x0000002a   Data   RW           96    .data               sensors_i2c.o
    0x40000071   0x00000007   PAD
    0x40000078   0x00000060   Data   RW          155    .data               algo.o
    0x400000d8   0x00000034   Data   RW          240    .data               output.o
    0x4000010c   0x00000003   Data   RW          258    .data               led.o
    0x4000010f   0x00000001   PAD
    0x40000110   0x000000c0   Zero   RW           12    .bss                main.o
    0x400001d0   0x0000000c   Zero   RW           71    .bss                iic_com_driver.o
    0x400001dc   0x00000044   Zero   RW           94    .bss                sensors_i2c.o
    0x40000220   0x000000c8   Zero   RW          153    .bss                algo.o
    0x400002e8   0x000000c0   Zero   RW          239    .bss                output.o
    0x400003a8   0x00000060   Zero   RW          384    .bss                c_4.l(libspace.o)
    0x40000408   0x00000100   Zero   RW            2    HEAP                startup.o
    0x40000508   0x00000828   Zero   RW            1    STACK               startup.o


==============================================================================

Image component sizes


      Code (inc. data)   RO Data    RW Data    ZI Data      Debug   Object Name

      1524        128          0         96        200       4738   algo.o
       276          8          0          0          0       1130   dio.o
      1064         24          0          3         12       2780   iic_com_driver.o
       240         16          0          3          0       1032   led.o
      3140        136          0         68        192      11063   main.o
         8          0          0          0          0        510   nrf24l01_driver.o
      1620        100          0         52        192       1870   output.o
       824         48          0          0          0       1746   pid.o
      1064         48        120         42         68       7712   sensors_i2c.o
       308          8          0          0          0       1160   spi.o
       324         68          0          0       2344        608   startup.o
       352          4          0          0          0       3116   uart.o

    ----------------------------------------------------------------------
     10744        588        136        272       3008      37465   Object Totals
         0          0         16          0          0          0   (incl. Generated)
         0          0          0          8          0          0   (incl. Padding)

    ----------------------------------------------------------------------

      Code (inc. data)   RO Data    RW Data    ZI Data      Debug   Library Member Name

         8          0          0          0          0         68   __main.o
        60          8          0          0          0          0   __scatter.o
        40          0          0          0          0          0   __scatter_copy.o
       416          0          0          0          0        144   aeabi_sdiv.o
        16          0          0          0          0         72   exit.o
        12          0          0          0          0        152   heapauxi.o
         0          0          0          0          0          0   indicate_semi.o
         4          0          0          0          0          0   libinit.o
         4          0          0          0          0          0   libinit2.o
         4          0          0          0          0          0   libshutdown.o
         4          0          0          0          0          0   libshutdown2.o
        12          4          0          0         96         68   libspace.o
         0          0          0          0          0          0   rtentry.o
        12          0          0          0          0          0   rtentry2.o
         8          0          0          0          0          0   rtentry4.o
         4          0          0          0          0          0   rtexit.o
        12          0          0          0          0          0   rtexit2.o
        20          4          0          0          0         68   sys_exit.o
        96          0          0          0          0         80   sys_stackheap_outer.o
         4          0          0          0          0         68   use_no_semi.o
       108          4          0          0          0         92   d2f.o
       912         16          0          0          0        276   daddsub_noclz.o
        28          0          0          0          0         68   dcmpi.o
       720        140          0          0          0        208   ddiv.o
       112          4          0          0          0         92   dfix.o
       100          0          0          0          0        136   dflt_noclz.o
       148          4          0          0          0         92   dleqf.o
       376         16          0          0          0        104   dmul.o
       184          0          0          0          0         92   dnaninf.o
        16          0          0          0          0         68   dretinf.o
       140          0          0          0          0         80   drleqf.o
       100          4          0          0          0         84   f2d.o
       520          8          0          0          0        236   faddsub_noclz.o
       400         76          0          0          0         96   fdiv.o
       100          0          0          0          0        136   fflt_noclz.o
       160          0          0          0          0         84   fnaninf.o
        16          0          0          0          0         68   fretinf.o
         0          0          0          0          0          0   usenofp.o

    ----------------------------------------------------------------------
      4876        288          0          0         96       2732   Library Totals
         0          0          0          0          0          0   (incl. Padding)

    ----------------------------------------------------------------------

      Code (inc. data)   RO Data    RW Data    ZI Data      Debug   Library Name

       736         16          0          0         96        720   c_4.l
      4140        272          0          0          0       2012   fz_4s.l

    ----------------------------------------------------------------------
      4876        288          0          0         96       2732   Library Totals

    ----------------------------------------------------------------------

==============================================================================


      Code (inc. data)   RO Data    RW Data    ZI Data      Debug   

     15620        876        136        272       3104      37993   Grand Totals
     15620        876        136        272       3104      37993   ELF Image Totals
     15620        876        136        272          0          0   ROM Totals

==============================================================================

    Total RO  Size (Code + RO Data)                15756 (  15.39kB)
    Total RW  Size (RW Data + ZI Data)              3376 (   3.30kB)
    Total ROM Size (Code + RO Data + RW Data)      16028 (  15.65kB)

==============================================================================

