<html>
<body>
<pre>
<h1>µVision Build Log</h1>
<h2>Project:</h2>
D:\Documentatie\Other\Multicop\Tricopter\tricopter.uvproj
Project File Date:  10/11/2015

<h2>Output:</h2>
Rebuild target 'Target 1'
assembling Startup.s...
creating preprocessor file for main.c...
compiling main.c...
creating preprocessor file for iic_com_driver.c...
compiling iic_com_driver.c...
creating preprocessor file for sensors_i2c.c...
compiling sensors_i2c.c...
creating preprocessor file for uart.c...
compiling uart.c...
creating preprocessor file for algo.c...
compiling algo.c...
creating preprocessor file for spi.c...
compiling spi.c...
creating preprocessor file for pid.c...
compiling pid.c...
creating preprocessor file for dio.c...
compiling dio.c...
creating preprocessor file for nRF24L01_driver.c...
compiling nRF24L01_driver.c...
creating preprocessor file for output.c...
compiling output.c...
output.c(16): warning:  #177-D: variable "CHART_OUT_ARRAY" was declared but never referenced
creating preprocessor file for led.c...
compiling led.c...
linking...
Program Size: Code=14848 RO-data=136 RW-data=268 ZI-data=3108  
FromELF: creating hex file...
"tricopter.axf" - 0 Error(s), 1 Warning(s).
Rebuild target 'Target 1'
assembling Startup.s...
creating preprocessor file for main.c...
compiling main.c...
creating preprocessor file for iic_com_driver.c...
compiling iic_com_driver.c...
creating preprocessor file for sensors_i2c.c...
compiling sensors_i2c.c...
creating preprocessor file for uart.c...
compiling uart.c...
creating preprocessor file for algo.c...
compiling algo.c...
creating preprocessor file for spi.c...
compiling spi.c...
creating preprocessor file for pid.c...
compiling pid.c...
creating preprocessor file for dio.c...
compiling dio.c...
creating preprocessor file for nRF24L01_driver.c...
compiling nRF24L01_driver.c...
creating preprocessor file for output.c...
compiling output.c...
output.c(74): error:  #167: argument of type "double **" is incompatible with parameter of type "double *"
output.c(75): error:  #167: argument of type "double **" is incompatible with parameter of type "double *"
output.c(76): error:  #167: argument of type "double **" is incompatible with parameter of type "double *"
creating preprocessor file for led.c...
compiling led.c...
Target not created
Rebuild target 'Target 1'
assembling Startup.s...
creating preprocessor file for main.c...
compiling main.c...
creating preprocessor file for iic_com_driver.c...
compiling iic_com_driver.c...
creating preprocessor file for sensors_i2c.c...
compiling sensors_i2c.c...
creating preprocessor file for uart.c...
compiling uart.c...
creating preprocessor file for algo.c...
compiling algo.c...
creating preprocessor file for spi.c...
compiling spi.c...
creating preprocessor file for pid.c...
compiling pid.c...
creating preprocessor file for dio.c...
compiling dio.c...
creating preprocessor file for nRF24L01_driver.c...
compiling nRF24L01_driver.c...
creating preprocessor file for output.c...
compiling output.c...
creating preprocessor file for led.c...
compiling led.c...
linking...
Program Size: Code=15384 RO-data=136 RW-data=268 ZI-data=3108  
FromELF: creating hex file...
"tricopter.axf" - 0 Error(s), 0 Warning(s).
Rebuild target 'Target 1'
assembling Startup.s...
creating preprocessor file for main.c...
compiling main.c...
creating preprocessor file for iic_com_driver.c...
compiling iic_com_driver.c...
creating preprocessor file for sensors_i2c.c...
compiling sensors_i2c.c...
creating preprocessor file for uart.c...
compiling uart.c...
creating preprocessor file for algo.c...
compiling algo.c...
creating preprocessor file for spi.c...
compiling spi.c...
creating preprocessor file for pid.c...
compiling pid.c...
creating preprocessor file for dio.c...
compiling dio.c...
creating preprocessor file for nRF24L01_driver.c...
compiling nRF24L01_driver.c...
creating preprocessor file for output.c...
compiling output.c...
creating preprocessor file for led.c...
compiling led.c...
linking...
Program Size: Code=15444 RO-data=136 RW-data=276 ZI-data=3108  
FromELF: creating hex file...
"tricopter.axf" - 0 Error(s), 0 Warning(s).
Rebuild target 'Target 1'
assembling Startup.s...
creating preprocessor file for main.c...
compiling main.c...
creating preprocessor file for iic_com_driver.c...
compiling iic_com_driver.c...
creating preprocessor file for sensors_i2c.c...
compiling sensors_i2c.c...
creating preprocessor file for uart.c...
compiling uart.c...
creating preprocessor file for algo.c...
compiling algo.c...
creating preprocessor file for spi.c...
compiling spi.c...
creating preprocessor file for pid.c...
compiling pid.c...
creating preprocessor file for dio.c...
compiling dio.c...
creating preprocessor file for nRF24L01_driver.c...
compiling nRF24L01_driver.c...
creating preprocessor file for output.c...
compiling output.c...
creating preprocessor file for led.c...
compiling led.c...
linking...
Program Size: Code=15620 RO-data=136 RW-data=276 ZI-data=3108  
FromELF: creating hex file...
"tricopter.axf" - 0 Error(s), 0 Warning(s).
Rebuild target 'Target 1'
assembling Startup.s...
creating preprocessor file for main.c...
compiling main.c...
creating preprocessor file for iic_com_driver.c...
compiling iic_com_driver.c...
creating preprocessor file for sensors_i2c.c...
compiling sensors_i2c.c...
creating preprocessor file for uart.c...
compiling uart.c...
creating preprocessor file for algo.c...
compiling algo.c...
creating preprocessor file for spi.c...
compiling spi.c...
creating preprocessor file for pid.c...
compiling pid.c...
creating preprocessor file for dio.c...
compiling dio.c...
creating preprocessor file for nRF24L01_driver.c...
compiling nRF24L01_driver.c...
creating preprocessor file for output.c...
compiling output.c...
creating preprocessor file for led.c...
compiling led.c...
linking...
Program Size: Code=15556 RO-data=136 RW-data=276 ZI-data=3108  
FromELF: creating hex file...
"tricopter.axf" - 0 Error(s), 0 Warning(s).
Rebuild target 'Target 1'
assembling Startup.s...
creating preprocessor file for main.c...
compiling main.c...
creating preprocessor file for iic_com_driver.c...
compiling iic_com_driver.c...
creating preprocessor file for sensors_i2c.c...
compiling sensors_i2c.c...
creating preprocessor file for uart.c...
compiling uart.c...
creating preprocessor file for algo.c...
compiling algo.c...
creating preprocessor file for spi.c...
compiling spi.c...
creating preprocessor file for pid.c...
compiling pid.c...
creating preprocessor file for dio.c...
compiling dio.c...
creating preprocessor file for nRF24L01_driver.c...
compiling nRF24L01_driver.c...
creating preprocessor file for output.c...
compiling output.c...
creating preprocessor file for led.c...
compiling led.c...
linking...
Program Size: Code=15604 RO-data=136 RW-data=276 ZI-data=3108  
FromELF: creating hex file...
"tricopter.axf" - 0 Error(s), 0 Warning(s).
